// Vitest Snapshot v1, https://vitest.dev/guide/snapshot.html

exports[`HueSlider > renders correctly 1`] = `
<div
  class="flex items-center gap-2"
  data-testid="GlobalHueSlider"
>
  <div
    class="relative h-3 w-full rounded-full cursor-pointer aria-disabled:cursor-not-allowed aria-disabled:opacity-50"
    style="background: linear-gradient(to right, oklch(0.7 0.4 0), oklch(0.7 0.4 60), oklch(0.7 0.4 120), oklch(0.7 0.4 180), oklch(0.7 0.4 240), oklch(0.7 0.4 300), oklch(0.7 0.4 0)); touch-action: none;"
  >
    <div
      aria-label="GlobalHue"
      aria-orientation="horizontal"
      aria-valuemax="360"
      aria-valuemin="0"
      aria-valuenow="250"
      class="pointer-events-none absolute top-1/2 size-5 -translate-y-1/2 rounded-full border-2 border-black dark:border-white bg-white dark:bg-black shadow-md transition-transform focus-visible:outline-none focus-visible:ring-1 focus-visible:ring-black dark:focus-visible:ring-white"
      role="slider"
      style="left: calc(69.444% - 13.889px);"
      tabindex="0"
    />
  </div>
</div>
`;
