// Vitest Snapshot v1, https://vitest.dev/guide/snapshot.html

exports[`SaturationPanel > Render > renders correctly 1`] = `
<div
  class="relative h-32 w-full cursor-crosshair overflow-hidden"
  data-testid="SaturationPanel"
  style="background: linear-gradient(transparent, rgb(0, 0, 0)), linear-gradient(to right, rgb(255, 255, 255), transparent), rgb(0, 129, 255); touch-action: none;"
>
  <div
    class="pointer-events-none absolute size-3.5 -translate-x-1/2 -translate-y-1/2 rounded-full border border-black ring-2 ring-white/20"
    style="left: 100%; top: 14.901960784313728%;"
  />
</div>
`;
