// Vitest Snapshot v1, https://vitest.dev/guide/snapshot.html

exports[`RGBSliders > Render > renders R, G, B sliders 1`] = `
<div>
  <div
    class="flex items-center gap-2"
    data-testid="RedSlider"
  >
    R
    <div
      class="flex-1 py-1"
    >
      <div
        class="relative h-3 w-full rounded-full cursor-pointer aria-disabled:cursor-not-allowed aria-disabled:opacity-50"
        style="background: linear-gradient(to right, rgb(0, 0, 0), rgb(255, 0, 0)); touch-action: none;"
      >
        <input
          aria-label="Red"
          aria-orientation="horizontal"
          aria-valuemax="255"
          aria-valuemin="0"
          aria-valuenow="0"
          class="peer absolute h-px w-px overflow-hidden whitespace-nowrap border-0 p-0 m-[-1px] [clip:rect(0,0,0,0)]"
          max="255"
          min="0"
          step="1"
          tabindex="0"
          type="range"
          value="0"
        />
        <div
          aria-hidden="true"
          class="absolute top-1/2 size-5 -translate-y-1/2 rounded-full border-2 border-black dark:border-white bg-white dark:bg-black shadow-md transition-transform cursor-grab peer-disabled:cursor-not-allowed peer-focus-visible:ring-1 peer-focus-visible:ring-black dark:peer-focus-visible:ring-white before:content-[''] before:absolute before:-inset-2 before:rounded-full"
          data-testid="GradientSliderThumb"
          style="left: calc(0% - 0px);"
        />
      </div>
    </div>
    <div
      class="flex items-center"
      data-testid="NumericInput"
    >
      <input
        aria-label="Red"
        class="w-11 bg-black/10 dark:bg-white/10 text-right text-sm text-black/75 dark:text-white/75 outline-none focus:ring-1 focus:ring-black/20 dark:focus:ring-white/20 rounded px-0.5"
        type="text"
        value="0"
      />
      <span
        class="w-2 text-xs text-neutral-500 dark:text-neutral-400"
        style="visibility: hidden;"
      >
        °
      </span>
    </div>
  </div>
  <div
    class="flex items-center gap-2"
    data-testid="GreenSlider"
  >
    G
    <div
      class="flex-1 py-1"
    >
      <div
        class="relative h-3 w-full rounded-full cursor-pointer aria-disabled:cursor-not-allowed aria-disabled:opacity-50"
        style="background: linear-gradient(to right, rgb(0, 0, 0), rgb(0, 255, 0)); touch-action: none;"
      >
        <input
          aria-label="Green"
          aria-orientation="horizontal"
          aria-valuemax="255"
          aria-valuemin="0"
          aria-valuenow="110"
          class="peer absolute h-px w-px overflow-hidden whitespace-nowrap border-0 p-0 m-[-1px] [clip:rect(0,0,0,0)]"
          max="255"
          min="0"
          step="1"
          tabindex="0"
          type="range"
          value="110"
        />
        <div
          aria-hidden="true"
          class="absolute top-1/2 size-5 -translate-y-1/2 rounded-full border-2 border-black dark:border-white bg-white dark:bg-black shadow-md transition-transform cursor-grab peer-disabled:cursor-not-allowed peer-focus-visible:ring-1 peer-focus-visible:ring-black dark:peer-focus-visible:ring-white before:content-[''] before:absolute before:-inset-2 before:rounded-full"
          data-testid="GradientSliderThumb"
          style="left: calc(43.137% - 8.627px);"
        />
      </div>
    </div>
    <div
      class="flex items-center"
      data-testid="NumericInput"
    >
      <input
        aria-label="Green"
        class="w-11 bg-black/10 dark:bg-white/10 text-right text-sm text-black/75 dark:text-white/75 outline-none focus:ring-1 focus:ring-black/20 dark:focus:ring-white/20 rounded px-0.5"
        type="text"
        value="110"
      />
      <span
        class="w-2 text-xs text-neutral-500 dark:text-neutral-400"
        style="visibility: hidden;"
      >
        °
      </span>
    </div>
  </div>
  <div
    class="flex items-center gap-2"
    data-testid="BlueSlider"
  >
    B
    <div
      class="flex-1 py-1"
    >
      <div
        class="relative h-3 w-full rounded-full cursor-pointer aria-disabled:cursor-not-allowed aria-disabled:opacity-50"
        style="background: linear-gradient(to right, rgb(0, 0, 0), rgb(0, 0, 255)); touch-action: none;"
      >
        <input
          aria-label="Blue"
          aria-orientation="horizontal"
          aria-valuemax="255"
          aria-valuemin="0"
          aria-valuenow="217"
          class="peer absolute h-px w-px overflow-hidden whitespace-nowrap border-0 p-0 m-[-1px] [clip:rect(0,0,0,0)]"
          max="255"
          min="0"
          step="1"
          tabindex="0"
          type="range"
          value="217"
        />
        <div
          aria-hidden="true"
          class="absolute top-1/2 size-5 -translate-y-1/2 rounded-full border-2 border-black dark:border-white bg-white dark:bg-black shadow-md transition-transform cursor-grab peer-disabled:cursor-not-allowed peer-focus-visible:ring-1 peer-focus-visible:ring-black dark:peer-focus-visible:ring-white before:content-[''] before:absolute before:-inset-2 before:rounded-full"
          data-testid="GradientSliderThumb"
          style="left: calc(85.098% - 17.02px);"
        />
      </div>
    </div>
    <div
      class="flex items-center"
      data-testid="NumericInput"
    >
      <input
        aria-label="Blue"
        class="w-11 bg-black/10 dark:bg-white/10 text-right text-sm text-black/75 dark:text-white/75 outline-none focus:ring-1 focus:ring-black/20 dark:focus:ring-white/20 rounded px-0.5"
        type="text"
        value="217"
      />
      <span
        class="w-2 text-xs text-neutral-500 dark:text-neutral-400"
        style="visibility: hidden;"
      >
        °
      </span>
    </div>
  </div>
</div>
`;
